// Jest Snapshot v1, https://goo.gl/fbAQLP

exports[`Header should match snapshot 1`] = `
<header
  class="sc-jfmDQi bqbQUd"
>
  <div
    class="sc-jgbSNz hAYYXJ"
  >
    <button
      aria-label="locale select"
      class="sc-gsnTZi kcqiXn"
    >
      <img
        alt="English"
        class="sc-gSAPjG lnLKPT"
        height="30"
        src="/countries/usa.svg"
        width="70"
      />
    </button>
  </div>
  <nav
    class="sc-eKszNL cpcvSB"
  >
    <ul>
      <li>
        <a
          href="#about"
        >
          ABOUT
        </a>
      </li>
      <li>
        <a
          href="#services"
        >
          SERVICES
        </a>
      </li>
      <li>
        <a
          href="#works"
        >
          WORKS
        </a>
      </li>
      <li>
        <a
          href="#contact"
        >
          CONTACT
        </a>
      </li>
    </ul>
  </nav>
</header>
`;
