// Jest Snapshot v1, https://goo.gl/fbAQLP

exports[`Header should match snapshot 1`] = `
<header
  class="sc-bczRLJ bscaEW"
>
  <nav
    class="sc-gsnTZi kDkCl"
  >
    <ul>
      <li>
        <a
          href="/#about"
        >
          ABOUT
        </a>
      </li>
      <li>
        <a
          href="/#services"
        >
          SERVICES
        </a>
      </li>
      <li>
        <a
          href="/#works"
        >
          WORKS
        </a>
      </li>
      <li>
        <a
          href="/#contact"
        >
          CONTACT
        </a>
      </li>
    </ul>
  </nav>
</header>
`;
