// Jest Snapshot v1, https://goo.gl/fbAQLP

exports[`WorkCard should match snapshot 1`] = `
<button
  aria-label="Eduguard - E-learning Website"
  class="sc-jfmDQi jSaFrb"
>
  <img
    height="332"
    src="/imgwork1.png"
    width="424"
  />
  <div
    class="sc-eKszNL iXwTYS"
  >
    <h3>
      Eduguard - E-learning Website
    </h3>
    <div
      class="sc-bczRLJ hVmybn"
    >
      <span>
        <a
          href="https://url.co"
          target="_blank"
        >
          View Project
        </a>
      </span>
      <svg
        fill="none"
        height="24"
        stroke="currentColor"
        stroke-width="0"
        viewBox="0 0 24 24"
        width="24"
        xmlns="http://www.w3.org/2000/svg"
      >
        <path
          d="M23.0677 11.9929L18.818 7.75739L17.4061 9.17398L19.2415 11.0032L0.932469 11.0012L0.932251 13.0012L19.2369 13.0032L17.4155 14.8308L18.8321 16.2426L23.0677 11.9929Z"
          fill="currentColor"
        />
      </svg>
    </div>
  </div>
</button>
`;
