// Jest Snapshot v1, https://goo.gl/fbAQLP

exports[`ContactForm should match snapshot 1`] = `
<form
  class="sc-dkzDqf dfzxQ"
>
  <div
    class="sc-hKMtZM gTrNLx"
  >
    <input
      class="sc-eCYdqJ kciHRe"
      placeholder="Full name"
      type="text"
    />
    <input
      class="sc-eCYdqJ kciHRe"
      placeholder="Email adress"
      type="email"
    />
  </div>
  <input
    class="sc-eCYdqJ kciHRe"
    placeholder="Subjects"
    type="text"
  />
  <textarea
    class="sc-jSMfEi bBtODK"
    placeholder="Message"
    rows="7"
  />
  <button
    class="sc-bczRLJ sc-gKXOVf cQHTfc dSmJlC"
    type="submit"
  >
    SEND MESSAGE 
    <svg
      fill="none"
      height="20"
      stroke="currentColor"
      stroke-linecap="round"
      stroke-linejoin="round"
      stroke-width="2"
      viewBox="0 0 24 24"
      width="20"
      xmlns="http://www.w3.org/2000/svg"
    >
      <line
        x1="22"
        x2="11"
        y1="2"
        y2="13"
      />
      <polygon
        points="22 2 15 22 11 13 2 9 22 2"
      />
    </svg>
  </button>
</form>
`;
