// Jest Snapshot v1, https://goo.gl/fbAQLP

exports[`Banner should match snapshot 1`] = `
<section
  class="sc-gsnTZi hmNYdX"
>
  <div
    class="sc-dkzDqf iHatTL"
  >
    <p>
      Got a project in mind? Let's make something awesome 
      <span>
        together
      </span>
      .
    </p>
  </div>
  <button
    class="sc-bczRLJ sc-hKMtZM fhxDpE bknSvH"
  >
    Hire me
     
    <svg
      fill="none"
      height="20"
      stroke="currentColor"
      stroke-width="0"
      viewBox="0 0 24 24"
      width="20"
      xmlns="http://www.w3.org/2000/svg"
    >
      <path
        d="M23.0677 11.9929L18.818 7.75739L17.4061 9.17398L19.2415 11.0032L0.932469 11.0012L0.932251 13.0012L19.2369 13.0032L17.4155 14.8308L18.8321 16.2426L23.0677 11.9929Z"
        fill="currentColor"
      />
    </svg>
  </button>
</section>
`;
